// Jest Snapshot v1, https://goo.gl/fbAQLP

exports[`favorite screen should renders screen correctly 1`] = `
<View
  style={
    {
      "flex": 1,
    }
  }
>
  <RCTScrollView
    data={[]}
    getItem={[Function]}
    getItemCount={[Function]}
    keyExtractor={[Function]}
    onContentSizeChange={[Function]}
    onLayout={[Function]}
    onMomentumScrollBegin={[Function]}
    onMomentumScrollEnd={[Function]}
    onScroll={[Function]}
    onScrollBeginDrag={[Function]}
    onScrollEndDrag={[Function]}
    removeClippedSubviews={false}
    renderItem={[Function]}
    scrollEventThrottle={0.0001}
    stickyHeaderIndices={[]}
    viewabilityConfigCallbackPairs={[]}
  >
    <View />
  </RCTScrollView>
</View>
`;
