// Jest Snapshot v1, https://goo.gl/fbAQLP

exports[`main login screen should renders screen correctly 1`] = `
<View
  style={
    {
      "flex": 1,
      "marginVertical": 60,
    }
  }
>
  <View
    style={
      {
        "backgroundColor": "white",
        "flex": 1,
        "justifyContent": "center",
        "marginHorizontal": 20,
      }
    }
  >
    <View
      style={
        {
          "alignItems": "center",
          "backgroundColor": "white",
          "borderRadius": 50,
          "height": 60,
          "justifyContent": "center",
          "left": 325,
          "position": "absolute",
          "top": -30,
          "width": 60,
        }
      }
    >
      <Image
        resizeMode="contain"
        source={
          {
            "testUri": "../../../assets/img/mock_logo.png",
          }
        }
        style={
          {
            "height": 50,
            "resizeMode": "contain",
            "width": 50,
          }
        }
      />
    </View>
    <View
      style={
        {
          "alignItems": "center",
          "height": "80%",
          "justifyContent": "space-around",
          "paddingHorizontal": 30,
        }
      }
    >
      <Text
        style={
          {
            "color": "#000000",
            "fontSize": 24,
            "fontWeight": "600",
            "textAlign": "center",
          }
        }
      >
        LOGIN
      </Text>
      <View
        style={
          {
            "gap": 30,
            "width": "100%",
          }
        }
      >
        <View
          style={
            [
              {
                "justifyContent": "center",
              },
              {
                "width": "100%",
              },
            ]
          }
        >
          <View
            style={
              [
                {
                  "alignItems": "center",
                  "backgroundColor": "#ffffff",
                  "borderColor": "#BFBFBF",
                  "borderRadius": 8,
                  "borderWidth": 1,
                  "flexDirection": "row",
                  "height": 82.5,
                  "justifyContent": "center",
                  "paddingHorizontal": 15,
                },
                {
                  "borderBottomWidth": 1,
                  "borderColor": "#BFBFBF",
                  "borderWidth": 0,
                },
                {},
              ]
            }
          >
            <View
              accessibilityState={
                {
                  "busy": undefined,
                  "checked": undefined,
                  "disabled": undefined,
                  "expanded": undefined,
                  "selected": undefined,
                }
              }
              accessibilityValue={
                {
                  "max": undefined,
                  "min": undefined,
                  "now": undefined,
                  "text": undefined,
                }
              }
              accessible={true}
              collapsable={false}
              focusable={false}
              onClick={[Function]}
              onResponderGrant={[Function]}
              onResponderMove={[Function]}
              onResponderRelease={[Function]}
              onResponderTerminate={[Function]}
              onResponderTerminationRequest={[Function]}
              onStartShouldSetResponder={[Function]}
              style={
                {
                  "height": 35.25,
                  "marginRight": 10,
                  "opacity": 1,
                  "resizeMode": "contain",
                  "width": 35.25,
                }
              }
            >
              <Image
                source={
                  {
                    "testUri": "../../../assets/img/mail.png",
                  }
                }
                style={
                  [
                    {
                      "height": "100%",
                      "width": "100%",
                    },
                    {
                      "tintColor": undefined,
                    },
                  ]
                }
              />
            </View>
            <TextInput
              autoCapitalize="none"
              onBlur={[Function]}
              onChangeText={[Function]}
              onFocus={[Function]}
              placeholder="Email"
              placeholderTextColor="#BFBFBF"
              style={
                {
                  "color": "#000000",
                  "flex": 1,
                  "fontSize": 15,
                  "height": "100%",
                }
              }
              testID="email-input-login"
              value=""
            />
          </View>
        </View>
        <View
          style={
            [
              {
                "justifyContent": "center",
              },
              {
                "width": "100%",
              },
            ]
          }
        >
          <View
            style={
              [
                {
                  "alignItems": "center",
                  "backgroundColor": "#ffffff",
                  "borderColor": "#BFBFBF",
                  "borderRadius": 8,
                  "borderWidth": 1,
                  "flexDirection": "row",
                  "height": 82.5,
                  "justifyContent": "center",
                  "paddingHorizontal": 15,
                },
                {
                  "borderBottomWidth": 1,
                  "borderColor": "#BFBFBF",
                  "borderWidth": 0,
                },
                {},
              ]
            }
          >
            <View
              accessibilityState={
                {
                  "busy": undefined,
                  "checked": undefined,
                  "disabled": undefined,
                  "expanded": undefined,
                  "selected": undefined,
                }
              }
              accessibilityValue={
                {
                  "max": undefined,
                  "min": undefined,
                  "now": undefined,
                  "text": undefined,
                }
              }
              accessible={true}
              collapsable={false}
              focusable={false}
              onClick={[Function]}
              onResponderGrant={[Function]}
              onResponderMove={[Function]}
              onResponderRelease={[Function]}
              onResponderTerminate={[Function]}
              onResponderTerminationRequest={[Function]}
              onStartShouldSetResponder={[Function]}
              style={
                {
                  "height": 35.25,
                  "marginRight": 10,
                  "opacity": 1,
                  "resizeMode": "contain",
                  "width": 35.25,
                }
              }
            >
              <Image
                source={
                  {
                    "testUri": "../../../assets/img/lock.png",
                  }
                }
                style={
                  [
                    {
                      "height": "100%",
                      "width": "100%",
                    },
                    {
                      "tintColor": undefined,
                    },
                  ]
                }
              />
            </View>
            <TextInput
              autoCapitalize="none"
              onBlur={[Function]}
              onChangeText={[Function]}
              onFocus={[Function]}
              placeholder="Password"
              placeholderTextColor="#BFBFBF"
              secureTextEntry={true}
              style={
                {
                  "color": "#000000",
                  "flex": 1,
                  "fontSize": 15,
                  "height": "100%",
                }
              }
              testID="password-input-login"
              value=""
            />
          </View>
        </View>
      </View>
      <View
        accessibilityState={
          {
            "busy": undefined,
            "checked": undefined,
            "disabled": undefined,
            "expanded": undefined,
            "selected": undefined,
          }
        }
        accessibilityValue={
          {
            "max": undefined,
            "min": undefined,
            "now": undefined,
            "text": undefined,
          }
        }
        accessible={true}
        collapsable={false}
        focusable={true}
        onClick={[Function]}
        onResponderGrant={[Function]}
        onResponderMove={[Function]}
        onResponderRelease={[Function]}
        onResponderTerminate={[Function]}
        onResponderTerminationRequest={[Function]}
        onStartShouldSetResponder={[Function]}
        style={
          {
            "backgroundColor": "#e82282",
            "borderRadius": 6,
            "opacity": 1,
            "padding": 14,
            "width": "100%",
          }
        }
      >
        <Text
          style={
            {
              "color": "#ffffff",
              "fontSize": 16,
              "fontWeight": "700",
              "textAlign": "center",
            }
          }
        >
          LOGIN
        </Text>
      </View>
    </View>
  </View>
</View>
`;
